[2026-03-16 05:32:21] local.DEBUG: detectIntent called with message: ok (lower: ok), currentIntent: book_appointment  
[2026-03-16 05:32:21] local.DEBUG: Previous intent was booking, checking for specialization or doctor number  
[2026-03-16 05:32:21] local.DEBUG: matchTrainingData returned: general  
[2026-03-16 05:32:21] local.DEBUG: No intent detected, returning INTENT_GENERAL  
[2026-03-16 05:32:21] local.DEBUG: extractEntitiesFromMessage called with: ok  
[2026-03-16 05:32:21] local.DEBUG: Checking for date patterns in message: ok  
[2026-03-16 05:32:21] local.DEBUG: Using dynamic day number map from context: {"1":"friday","2":"saturday","8":"tomorrow","9":"today"}  
[2026-03-16 05:32:21] local.DEBUG: expecting flag from context:   
[2026-03-16 05:32:21] local.DEBUG: No date pattern matched for message: ok  
[2026-03-16 05:32:21] local.DEBUG: Name extracted (first word): Ok  
[2026-03-16 05:32:21] local.DEBUG: Extracted entities from message: {"specialization":null,"symptoms":[],"date":null,"time_preference":null,"time_slot_number":null,"patient_name":"Ok","phone":null,"email":null,"location":null,"appointment_number":null,"booking_for":null}  
[2026-03-16 05:32:21] local.DEBUG: Merged extracted_data: context={"specialization":"ENT","symptoms":[],"date":"2026-03-20","time_preference":null,"time_slot_number":4,"patient_name":"\u09a8\u09bf\u099c\u09c7\u09b0","phone":"+880171234567","email":null,"location":null,"appointment_number":null,"booking_for":"myself","doctor_number":1,"available_days":["friday","saturday"]}, new={"specialization":"ENT","symptoms":[],"date":"2026-03-20","time_preference":null,"time_slot_number":4,"patient_name":"Ok","phone":"+880171234567","email":null,"location":null,"appointment_number":null,"booking_for":"myself","doctor_number":1,"available_days":["friday","saturday"]}  
[2026-03-16 05:32:21] local.DEBUG: buildResponse called with intent: general, language: bn  
[2026-03-16 05:32:21] local.DEBUG: Overriding intent to book_appointment due to existing booking data  
[2026-03-16 05:32:21] local.DEBUG: buildBookingResponse called with data: {"specialization":"ENT","symptoms":[],"date":"2026-03-20","time_preference":null,"time_slot_number":4,"patient_name":"Ok","phone":"+880171234567","email":null,"location":null,"appointment_number":null,"booking_for":"myself","doctor_number":1,"available_days":["friday","saturday"]}, context extracted_data: {"specialization":"ENT","symptoms":[],"date":"2026-03-20","time_preference":null,"time_slot_number":4,"patient_name":"\u09a8\u09bf\u099c\u09c7\u09b0","phone":"+880171234567","email":null,"location":null,"appointment_number":null,"booking_for":"myself","doctor_number":1,"available_days":["friday","saturday"]}  
[2026-03-16 05:32:21] local.DEBUG: Time slot number selected (4), preserving date and doctor info  
[2026-03-16 05:32:21] local.DEBUG: Fully merged data: {"specialization":"ENT","symptoms":[],"date":"2026-03-20","time_preference":null,"time_slot_number":4,"patient_name":"Ok","phone":"+880171234567","email":null,"location":null,"appointment_number":null,"booking_for":"myself","doctor_number":1,"available_days":["friday","saturday"]}  
[2026-03-16 05:32:21] local.DEBUG: Using merged values - doctorNumber: 1, date: 2026-03-20, time: null  
[2026-03-16 05:32:21] local.DEBUG: Case 4: Doctor, date/time, and time slot selected  
[2026-03-16 05:32:21] local.DEBUG: Case 4: Looking up doctor by doctorNumber: 1, specialization: ENT  
[2026-03-16 05:32:21] local.DEBUG: Case 4: Found doctor by doctorNumber: Christopher Brown (ID: 29)  
[2026-03-16 05:32:21] local.DEBUG: Case 4: Stored selected_doctor_id: 29, doctor_name: Christopher Brown  
[2026-03-16 05:32:21] local.DEBUG: Case 4 - patient_name from mergedData: Ok  
[2026-03-16 05:32:21] local.DEBUG: Case 4 - phone from mergedData: +880171234567  
[2026-03-16 05:32:21] local.DEBUG: Case 4 - booking_for from mergedData: myself  
[2026-03-16 05:32:21] local.DEBUG: Case 4 - after trim, patient_name: Patient, phone: +880171234567  
[2026-03-16 05:32:21] local.DEBUG: Case 4: Both name and phone available, confirming appointment  
[2026-03-16 05:32:22] local.ERROR: Failed to create guest user: SQLSTATE[HY000]: General error: 1364 Field 'email' doesn't have a default value (Connection: mysql, SQL: insert into `users` (`name`, `phone`, `password`, `is_active`, `is_doctor`, `is_admin`, `updated_at`, `created_at`) values (Patient, +880171234567, $2y$12$bwQskDhGAayb6GDXO3p7xOvzGWBDvZ4BpKzFszUiUnKpkUjrY3skm, 1, 0, 0, 2026-03-16 05:32:22, 2026-03-16 05:32:22))  
[2026-03-16 05:32:22] local.INFO: Appointment created: 2  
[2026-03-16 05:32:23] local.INFO: Notifications sent: {"sms":{"success":false,"error":"Authentication Error - invalid username"}}  
[2026-03-16 05:32:23] local.DEBUG: Case 4: Appointment created successfully: 2  
[2026-03-16 05:32:23] local.DEBUG: Preserved book_appointment intent due to existing booking data  
[2026-03-16 05:36:28] local.DEBUG: detectIntent called with message: ok (lower: ok), currentIntent: book_appointment  
[2026-03-16 05:36:28] local.DEBUG: Previous intent was booking, checking for specialization or doctor number  
[2026-03-16 05:36:28] local.DEBUG: matchTrainingData returned: general  
[2026-03-16 05:36:28] local.DEBUG: No intent detected, returning INTENT_GENERAL  
[2026-03-16 05:36:28] local.DEBUG: extractEntitiesFromMessage called with: ok  
[2026-03-16 05:36:28] local.DEBUG: Checking for date patterns in message: ok  
[2026-03-16 05:36:28] local.DEBUG: Using dynamic day number map from context: {"1":"friday","2":"saturday","8":"tomorrow","9":"today"}  
[2026-03-16 05:36:28] local.DEBUG: expecting flag from context:   
[2026-03-16 05:36:28] local.DEBUG: No date pattern matched for message: ok  
[2026-03-16 05:36:28] local.DEBUG: Name extracted (first word): Ok  
[2026-03-16 05:36:28] local.DEBUG: Extracted entities from message: {"specialization":null,"symptoms":[],"date":null,"time_preference":null,"time_slot_number":null,"patient_name":"Ok","phone":null,"email":null,"location":null,"appointment_number":null,"booking_for":null}  
[2026-03-16 05:36:28] local.DEBUG: Merged extracted_data: context={"specialization":"ENT","symptoms":[],"date":"2026-03-20","time_preference":null,"time_slot_number":4,"patient_name":"Ok","phone":"+880171234567","email":null,"location":null,"appointment_number":null,"booking_for":"myself","doctor_number":1,"available_days":["friday","saturday"]}, new={"specialization":"ENT","symptoms":[],"date":"2026-03-20","time_preference":null,"time_slot_number":4,"patient_name":"Ok","phone":"+880171234567","email":null,"location":null,"appointment_number":null,"booking_for":"myself","doctor_number":1,"available_days":["friday","saturday"]}  
[2026-03-16 05:36:28] local.DEBUG: buildResponse called with intent: general, language: bn  
[2026-03-16 05:36:28] local.DEBUG: Overriding intent to book_appointment due to existing booking data  
[2026-03-16 05:36:28] local.DEBUG: buildBookingResponse called with data: {"specialization":"ENT","symptoms":[],"date":"2026-03-20","time_preference":null,"time_slot_number":4,"patient_name":"Ok","phone":"+880171234567","email":null,"location":null,"appointment_number":null,"booking_for":"myself","doctor_number":1,"available_days":["friday","saturday"]}, context extracted_data: {"specialization":"ENT","symptoms":[],"date":"2026-03-20","time_preference":null,"time_slot_number":4,"patient_name":"Ok","phone":"+880171234567","email":null,"location":null,"appointment_number":null,"booking_for":"myself","doctor_number":1,"available_days":["friday","saturday"]}  
[2026-03-16 05:36:28] local.DEBUG: Time slot number selected (4), preserving date and doctor info  
[2026-03-16 05:36:28] local.DEBUG: Fully merged data: {"specialization":"ENT","symptoms":[],"date":"2026-03-20","time_preference":null,"time_slot_number":4,"patient_name":"Ok","phone":"+880171234567","email":null,"location":null,"appointment_number":null,"booking_for":"myself","doctor_number":1,"available_days":["friday","saturday"]}  
[2026-03-16 05:36:28] local.DEBUG: Using merged values - doctorNumber: 1, date: 2026-03-20, time: null  
[2026-03-16 05:36:28] local.DEBUG: Case 4: Doctor, date/time, and time slot selected  
[2026-03-16 05:36:28] local.DEBUG: Case 4: Looking up doctor by doctorNumber: 1, specialization: ENT  
[2026-03-16 05:36:28] local.DEBUG: Case 4: Found doctor by doctorNumber: Christopher Brown (ID: 29)  
[2026-03-16 05:36:28] local.DEBUG: Case 4: Stored selected_doctor_id: 29, doctor_name: Christopher Brown  
[2026-03-16 05:36:28] local.DEBUG: Case 4 - patient_name from mergedData: Ok  
[2026-03-16 05:36:28] local.DEBUG: Case 4 - phone from mergedData: +880171234567  
[2026-03-16 05:36:28] local.DEBUG: Case 4 - booking_for from mergedData: myself  
[2026-03-16 05:36:28] local.DEBUG: Case 4 - after trim, patient_name: Patient, phone: +880171234567  
[2026-03-16 05:36:28] local.DEBUG: Case 4: Both name and phone available, confirming appointment  
[2026-03-16 05:36:28] local.ERROR: Failed to create guest user: SQLSTATE[HY000]: General error: 1364 Field 'email' doesn't have a default value (Connection: mysql, SQL: insert into `users` (`name`, `phone`, `password`, `is_active`, `is_doctor`, `is_admin`, `updated_at`, `created_at`) values (Patient, +880171234567, $2y$12$K3E3Sf.bFf7nrzQshCdW2e/IS35NYGebleqKXzFkecOPWkpP.sWtq, 1, 0, 0, 2026-03-16 05:36:28, 2026-03-16 05:36:28))  
[2026-03-16 05:36:28] local.DEBUG: Creating appointment with: patientId=null, patientName=Patient, phone=+880171234567, email=null  
[2026-03-16 05:36:28] local.INFO: Appointment created: 3  
[2026-03-16 05:36:30] local.INFO: Notifications sent: {"sms":{"success":false,"error":"Authentication Error - invalid username"}}  
[2026-03-16 05:36:30] local.DEBUG: Case 4: Appointment created successfully: 3  
[2026-03-16 05:36:30] local.DEBUG: Preserved book_appointment intent due to existing booking data  
[2026-03-16 05:39:24] local.DEBUG: detectIntent called with message: ok (lower: ok), currentIntent: book_appointment  
[2026-03-16 05:39:24] local.DEBUG: Previous intent was booking, checking for specialization or doctor number  
[2026-03-16 05:39:25] local.DEBUG: matchTrainingData returned: general  
[2026-03-16 05:39:25] local.DEBUG: No intent detected, returning INTENT_GENERAL  
[2026-03-16 05:39:25] local.DEBUG: extractEntitiesFromMessage called with: ok  
[2026-03-16 05:39:25] local.DEBUG: Checking for date patterns in message: ok  
[2026-03-16 05:39:25] local.DEBUG: Using dynamic day number map from context: {"1":"friday","2":"saturday","8":"tomorrow","9":"today"}  
[2026-03-16 05:39:25] local.DEBUG: expecting flag from context:   
[2026-03-16 05:39:25] local.DEBUG: No date pattern matched for message: ok  
[2026-03-16 05:39:25] local.DEBUG: Name extracted (first word): Ok  
[2026-03-16 05:39:25] local.DEBUG: Extracted entities from message: {"specialization":null,"symptoms":[],"date":null,"time_preference":null,"time_slot_number":null,"patient_name":"Ok","phone":null,"email":null,"location":null,"appointment_number":null,"booking_for":null}  
[2026-03-16 05:39:25] local.DEBUG: Merged extracted_data: context={"specialization":"ENT","symptoms":[],"date":"2026-03-20","time_preference":null,"time_slot_number":4,"patient_name":"Ok","phone":"+880171234567","email":null,"location":null,"appointment_number":null,"booking_for":"myself","doctor_number":1,"available_days":["friday","saturday"]}, new={"specialization":"ENT","symptoms":[],"date":"2026-03-20","time_preference":null,"time_slot_number":4,"patient_name":"Ok","phone":"+880171234567","email":null,"location":null,"appointment_number":null,"booking_for":"myself","doctor_number":1,"available_days":["friday","saturday"]}  
[2026-03-16 05:39:25] local.DEBUG: buildResponse called with intent: general, language: bn  
[2026-03-16 05:39:25] local.DEBUG: Overriding intent to book_appointment due to existing booking data  
[2026-03-16 05:39:25] local.DEBUG: buildBookingResponse called with data: {"specialization":"ENT","symptoms":[],"date":"2026-03-20","time_preference":null,"time_slot_number":4,"patient_name":"Ok","phone":"+880171234567","email":null,"location":null,"appointment_number":null,"booking_for":"myself","doctor_number":1,"available_days":["friday","saturday"]}, context extracted_data: {"specialization":"ENT","symptoms":[],"date":"2026-03-20","time_preference":null,"time_slot_number":4,"patient_name":"Ok","phone":"+880171234567","email":null,"location":null,"appointment_number":null,"booking_for":"myself","doctor_number":1,"available_days":["friday","saturday"]}  
[2026-03-16 05:39:25] local.DEBUG: Time slot number selected (4), preserving date and doctor info  
[2026-03-16 05:39:25] local.DEBUG: Fully merged data: {"specialization":"ENT","symptoms":[],"date":"2026-03-20","time_preference":null,"time_slot_number":4,"patient_name":"Ok","phone":"+880171234567","email":null,"location":null,"appointment_number":null,"booking_for":"myself","doctor_number":1,"available_days":["friday","saturday"]}  
[2026-03-16 05:39:25] local.DEBUG: Using merged values - doctorNumber: 1, date: 2026-03-20, time: null  
[2026-03-16 05:39:25] local.DEBUG: Case 4: Doctor, date/time, and time slot selected  
[2026-03-16 05:39:25] local.DEBUG: Case 4: Looking up doctor by doctorNumber: 1, specialization: ENT  
[2026-03-16 05:39:25] local.DEBUG: Case 4: Found doctor by doctorNumber: Christopher Brown (ID: 29)  
[2026-03-16 05:39:25] local.DEBUG: Case 4: Stored selected_doctor_id: 29, doctor_name: Christopher Brown  
[2026-03-16 05:39:25] local.DEBUG: Case 4 - patient_name from mergedData: Ok  
[2026-03-16 05:39:25] local.DEBUG: Case 4 - phone from mergedData: +880171234567  
[2026-03-16 05:39:25] local.DEBUG: Case 4 - booking_for from mergedData: myself  
[2026-03-16 05:39:25] local.DEBUG: Case 4 - after trim, patient_name: Patient, phone: +880171234567  
[2026-03-16 05:39:25] local.DEBUG: Case 4: Both name and phone available, confirming appointment  
[2026-03-16 05:39:25] local.DEBUG: No authenticated user, checking for phone: +880171234567  
[2026-03-16 05:39:25] local.DEBUG: Normalized phone: +880171234567  
[2026-03-16 05:39:25] local.ERROR: Failed to create guest user: SQLSTATE[HY000]: General error: 1364 Field 'email' doesn't have a default value (Connection: mysql, SQL: insert into `users` (`name`, `phone`, `password`, `is_active`, `is_doctor`, `is_admin`, `updated_at`, `created_at`) values (Patient, +880171234567, $2y$12$RqyWsUKNQAdz15FaQoYdYuSKSYakf5ejgF3gaNsl1HvlvlhWhPALO, 1, 0, 0, 2026-03-16 05:39:25, 2026-03-16 05:39:25))  
[2026-03-16 05:39:25] local.DEBUG: Creating appointment with: patientId=null, patientName=Patient, phone=+880171234567, email=null  
[2026-03-16 05:39:25] local.INFO: Appointment created: 4  
[2026-03-16 05:39:26] local.INFO: Notifications sent: {"sms":{"success":false,"error":"Authentication Error - invalid username"}}  
[2026-03-16 05:39:26] local.DEBUG: Case 4: Appointment created successfully: 4  
[2026-03-16 05:39:26] local.DEBUG: Preserved book_appointment intent due to existing booking data  
[2026-03-16 05:39:51] local.DEBUG: detectIntent called with message: ent doctor need (lower: ent doctor need), currentIntent: null  
[2026-03-16 05:39:51] local.DEBUG: Detected specialization: ent => ENT  
[2026-03-16 05:39:51] local.DEBUG: Detected specialization in message: ent => ENT  
[2026-03-16 05:39:51] local.DEBUG: extractEntitiesFromMessage called with: ENT Doctor need  
[2026-03-16 05:39:51] local.DEBUG: Checking for date patterns in message: ENT Doctor need  
[2026-03-16 05:39:51] local.DEBUG: expecting flag from context:   
[2026-03-16 05:39:51] local.DEBUG: No date pattern matched for message: ENT Doctor need  
[2026-03-16 05:39:51] local.DEBUG: Extracted entities from message: {"specialization":"ENT","symptoms":[],"date":null,"time_preference":null,"time_slot_number":null,"patient_name":null,"phone":null,"email":null,"location":null,"appointment_number":null,"booking_for":null}  
[2026-03-16 05:39:51] local.DEBUG: buildResponse called with intent: book_appointment, language: bn  
[2026-03-16 05:39:51] local.DEBUG: buildBookingResponse called with data: {"specialization":"ENT","symptoms":[],"date":null,"time_preference":null,"time_slot_number":null,"patient_name":null,"phone":null,"email":null,"location":null,"appointment_number":null,"booking_for":null}, context extracted_data: []  
[2026-03-16 05:39:51] local.DEBUG: Fully merged data: {"specialization":"ENT","symptoms":[]}  
[2026-03-16 05:39:51] local.DEBUG: Using merged values - doctorNumber: null, date: null, time: null  
[2026-03-16 05:39:51] local.DEBUG: Case 1: No doctor selected  
[2026-03-16 05:40:10] local.DEBUG: detectIntent called with message: 1 (lower: 1), currentIntent: book_appointment  
[2026-03-16 05:40:10] local.DEBUG: Detected doctor number, assuming booking intent: 1  
[2026-03-16 05:40:10] local.DEBUG: extractEntitiesFromMessage called with: 1  
[2026-03-16 05:40:10] local.DEBUG: Checking for date patterns in message: 1  
[2026-03-16 05:40:10] local.DEBUG: expecting flag from context:   
[2026-03-16 05:40:10] local.DEBUG: Numeric message "1" detected but skipping numeric day mapping: hasDate=no, hasDoctor=no  
[2026-03-16 05:40:10] local.DEBUG: No date pattern matched for message: 1  
[2026-03-16 05:40:10] local.DEBUG: No date/time preference in context, not setting time_slot_number for: 1, hasDoctor=no, hasDate=no  
[2026-03-16 05:40:10] local.DEBUG: Extracted entities from message: {"specialization":null,"symptoms":[],"date":null,"time_preference":null,"time_slot_number":null,"patient_name":null,"phone":null,"email":null,"location":null,"appointment_number":null,"booking_for":null}  
[2026-03-16 05:40:10] local.DEBUG: Merged extracted_data: context={"specialization":"ENT","symptoms":[],"date":null,"time_preference":null,"time_slot_number":null,"patient_name":null,"phone":null,"email":null,"location":null,"appointment_number":null,"booking_for":null}, new={"specialization":"ENT","symptoms":[],"date":null,"time_preference":null,"time_slot_number":null,"patient_name":null,"phone":null,"email":null,"location":null,"appointment_number":null,"booking_for":null,"doctor_number":1}  
[2026-03-16 05:40:10] local.DEBUG: buildResponse called with intent: book_appointment, language: bn  
[2026-03-16 05:40:10] local.DEBUG: buildBookingResponse called with data: {"specialization":"ENT","symptoms":[],"date":null,"time_preference":null,"time_slot_number":null,"patient_name":null,"phone":null,"email":null,"location":null,"appointment_number":null,"booking_for":null,"doctor_number":1}, context extracted_data: {"specialization":"ENT","symptoms":[],"date":null,"time_preference":null,"time_slot_number":null,"patient_name":null,"phone":null,"email":null,"location":null,"appointment_number":null,"booking_for":null}  
[2026-03-16 05:40:10] local.DEBUG: Fully merged data: {"specialization":"ENT","symptoms":[],"date":null,"time_preference":null,"time_slot_number":null,"patient_name":null,"phone":null,"email":null,"location":null,"appointment_number":null,"booking_for":null,"doctor_number":1}  
[2026-03-16 05:40:10] local.DEBUG: Using merged values - doctorNumber: 1, date: null, time: null  
[2026-03-16 05:40:10] local.DEBUG: Case 2: Doctor selected, need date. doctorNumber=1, specialization=ENT  
[2026-03-16 05:40:10] local.DEBUG: Case 2: Filtering by specialization: ENT  
[2026-03-16 05:40:10] local.DEBUG: Case 2: Doctor query result: Christopher Brown  
[2026-03-16 05:40:10] local.DEBUG: Case 2: Stored selected_doctor_id: 29, doctor_name: Christopher Brown  
[2026-03-16 05:40:10] local.DEBUG: Stashing available_days in extracted_data: ["friday","saturday"]  
[2026-03-16 05:40:28] local.DEBUG: detectIntent called with message: 1 (lower: 1), currentIntent: book_appointment  
[2026-03-16 05:40:28] local.DEBUG: Detected doctor number, assuming booking intent: 1  
[2026-03-16 05:40:28] local.DEBUG: extractEntitiesFromMessage called with: 1  
[2026-03-16 05:40:28] local.DEBUG: Checking for date patterns in message: 1  
[2026-03-16 05:40:28] local.DEBUG: Using dynamic day number map from context: {"1":"friday","2":"saturday","8":"tomorrow","9":"today"}  
[2026-03-16 05:40:28] local.DEBUG: expecting flag from context:   
[2026-03-16 05:40:28] local.DEBUG: Numeric day selected (doctor in context): 1 => friday, dateInContext=no  
[2026-03-16 05:40:28] local.DEBUG: Extracted entities from message: {"specialization":null,"symptoms":[],"date":"2026-03-20","time_preference":null,"time_slot_number":null,"patient_name":null,"phone":null,"email":null,"location":null,"appointment_number":null,"booking_for":null}  
[2026-03-16 05:40:28] local.DEBUG: Ignored doctor_number 1 because date or time_slot was extracted from same message  
[2026-03-16 05:40:28] local.DEBUG: Merged extracted_data: context={"specialization":"ENT","symptoms":[],"date":null,"time_preference":null,"time_slot_number":null,"patient_name":null,"phone":null,"email":null,"location":null,"appointment_number":null,"booking_for":null,"doctor_number":1,"available_days":["friday","saturday"]}, new={"specialization":"ENT","symptoms":[],"date":"2026-03-20","time_preference":null,"time_slot_number":null,"patient_name":null,"phone":null,"email":null,"location":null,"appointment_number":null,"booking_for":null,"doctor_number":1,"available_days":["friday","saturday"]}  
[2026-03-16 05:40:28] local.DEBUG: buildResponse called with intent: book_appointment, language: bn  
[2026-03-16 05:40:28] local.DEBUG: buildBookingResponse called with data: {"specialization":"ENT","symptoms":[],"date":"2026-03-20","time_preference":null,"time_slot_number":null,"patient_name":null,"phone":null,"email":null,"location":null,"appointment_number":null,"booking_for":null,"doctor_number":1,"available_days":["friday","saturday"]}, context extracted_data: {"specialization":"ENT","symptoms":[],"date":null,"time_preference":null,"time_slot_number":null,"patient_name":null,"phone":null,"email":null,"location":null,"appointment_number":null,"booking_for":null,"doctor_number":1,"available_days":["friday","saturday"]}  
[2026-03-16 05:40:28] local.DEBUG: Fully merged data: {"specialization":"ENT","symptoms":[],"date":"2026-03-20","time_preference":null,"time_slot_number":null,"patient_name":null,"phone":null,"email":null,"location":null,"appointment_number":null,"booking_for":null,"doctor_number":1,"available_days":["friday","saturday"]}  
[2026-03-16 05:40:28] local.DEBUG: Using merged values - doctorNumber: 1, date: 2026-03-20, time: null  
[2026-03-16 05:40:28] local.DEBUG: Case 3: Doctor and date selected, need time. Date: 2026-03-20  
[2026-03-16 05:40:28] local.DEBUG: Case 4: Looking up doctor by doctorNumber: 1, specialization: ENT  
[2026-03-16 05:40:28] local.DEBUG: Case 4: Found doctor by doctorNumber: Christopher Brown (ID: 29)  
[2026-03-16 05:40:28] local.DEBUG: Case 3: Stored selected_doctor_id: 29, doctor_name: Christopher Brown  
[2026-03-16 05:40:43] local.DEBUG: detectIntent called with message: 1 (lower: 1), currentIntent: book_appointment  
[2026-03-16 05:40:43] local.DEBUG: Number within slot count (1 <= 4), treating as time slot  
[2026-03-16 05:40:43] local.DEBUG: extractEntitiesFromMessage called with: 1  
[2026-03-16 05:40:43] local.DEBUG: Checking for date patterns in message: 1  
[2026-03-16 05:40:43] local.DEBUG: Using dynamic day number map from context: {"1":"friday","2":"saturday","8":"tomorrow","9":"today"}  
[2026-03-16 05:40:43] local.DEBUG: expecting flag from context:   
[2026-03-16 05:40:43] local.DEBUG: Numeric message "1" detected but skipping numeric day mapping: hasDate=yes, hasDoctor=yes  
[2026-03-16 05:40:43] local.DEBUG: No date pattern matched for message: 1  
[2026-03-16 05:40:43] local.DEBUG: Doctor in context, setting time_slot_number: 1, hasDate=yes, hasDateExtracted=no, hasTimePref=no  
[2026-03-16 05:40:43] local.DEBUG: Extracted entities from message: {"specialization":null,"symptoms":[],"date":null,"time_preference":null,"time_slot_number":1,"patient_name":null,"phone":null,"email":null,"location":null,"appointment_number":null,"booking_for":null}  
[2026-03-16 05:40:43] local.DEBUG: Ignored doctor_number 1 because date or time_slot was extracted from same message  
[2026-03-16 05:40:43] local.DEBUG: Merged extracted_data: context={"specialization":"ENT","symptoms":[],"date":"2026-03-20","time_preference":null,"time_slot_number":null,"patient_name":null,"phone":null,"email":null,"location":null,"appointment_number":null,"booking_for":null,"doctor_number":1,"available_days":["friday","saturday"]}, new={"specialization":"ENT","symptoms":[],"date":"2026-03-20","time_preference":null,"time_slot_number":1,"patient_name":null,"phone":null,"email":null,"location":null,"appointment_number":null,"booking_for":null,"doctor_number":1,"available_days":["friday","saturday"]}  
[2026-03-16 05:40:43] local.DEBUG: buildResponse called with intent: book_appointment, language: bn  
[2026-03-16 05:40:43] local.DEBUG: buildBookingResponse called with data: {"specialization":"ENT","symptoms":[],"date":"2026-03-20","time_preference":null,"time_slot_number":1,"patient_name":null,"phone":null,"email":null,"location":null,"appointment_number":null,"booking_for":null,"doctor_number":1,"available_days":["friday","saturday"]}, context extracted_data: {"specialization":"ENT","symptoms":[],"date":"2026-03-20","time_preference":null,"time_slot_number":null,"patient_name":null,"phone":null,"email":null,"location":null,"appointment_number":null,"booking_for":null,"doctor_number":1,"available_days":["friday","saturday"]}  
[2026-03-16 05:40:43] local.DEBUG: Time slot number selected (1), preserving date and doctor info  
[2026-03-16 05:40:43] local.DEBUG: Fully merged data: {"specialization":"ENT","symptoms":[],"date":"2026-03-20","time_preference":null,"time_slot_number":1,"patient_name":null,"phone":null,"email":null,"location":null,"appointment_number":null,"booking_for":null,"doctor_number":1,"available_days":["friday","saturday"]}  
[2026-03-16 05:40:43] local.DEBUG: Using merged values - doctorNumber: 1, date: 2026-03-20, time: null  
[2026-03-16 05:40:43] local.DEBUG: Case 4: Doctor, date/time, and time slot selected  
[2026-03-16 05:40:43] local.DEBUG: Case 4: Looking up doctor by doctorNumber: 1, specialization: ENT  
[2026-03-16 05:40:43] local.DEBUG: Case 4: Found doctor by doctorNumber: Christopher Brown (ID: 29)  
[2026-03-16 05:40:43] local.DEBUG: Case 4: Stored selected_doctor_id: 29, doctor_name: Christopher Brown  
[2026-03-16 05:40:43] local.DEBUG: Case 4 - patient_name from mergedData: NULL  
[2026-03-16 05:40:43] local.DEBUG: Case 4 - phone from mergedData: NULL  
[2026-03-16 05:40:43] local.DEBUG: Case 4 - booking_for from mergedData: NULL  
[2026-03-16 05:40:53] local.DEBUG: detectIntent called with message: নিজের (lower: নিজের), currentIntent: book_appointment  
[2026-03-16 05:40:53] local.DEBUG: Previous intent was booking, checking for specialization or doctor number  
[2026-03-16 05:40:53] local.DEBUG: extractEntitiesFromMessage called with: নিজের  
[2026-03-16 05:40:53] local.DEBUG: Checking for date patterns in message: নিজের  
[2026-03-16 05:40:53] local.DEBUG: expecting flag from context:   
[2026-03-16 05:40:53] local.DEBUG: No date pattern matched for message: নিজের  
[2026-03-16 05:40:53] local.DEBUG: Booking for: myself  
[2026-03-16 05:40:53] local.DEBUG: matchTrainingData returned: general  
[2026-03-16 05:40:53] local.DEBUG: No intent detected, returning INTENT_GENERAL  
[2026-03-16 05:40:53] local.DEBUG: extractEntitiesFromMessage called with: নিজের  
[2026-03-16 05:40:53] local.DEBUG: Checking for date patterns in message: নিজের  
[2026-03-16 05:40:53] local.DEBUG: Using dynamic day number map from context: {"1":"friday","2":"saturday","8":"tomorrow","9":"today"}  
[2026-03-16 05:40:53] local.DEBUG: expecting flag from context:   
[2026-03-16 05:40:53] local.DEBUG: No date pattern matched for message: নিজের  
[2026-03-16 05:40:53] local.DEBUG: Booking for: myself  
[2026-03-16 05:40:53] local.DEBUG: Extracted entities from message: {"specialization":null,"symptoms":[],"date":null,"time_preference":null,"time_slot_number":null,"patient_name":"\u09a8\u09bf\u099c\u09c7\u09b0","phone":null,"email":null,"location":null,"appointment_number":null,"booking_for":"myself"}  
[2026-03-16 05:40:53] local.DEBUG: Merged extracted_data: context={"specialization":"ENT","symptoms":[],"date":"2026-03-20","time_preference":null,"time_slot_number":1,"patient_name":null,"phone":null,"email":null,"location":null,"appointment_number":null,"booking_for":null,"doctor_number":1,"available_days":["friday","saturday"]}, new={"specialization":"ENT","symptoms":[],"date":"2026-03-20","time_preference":null,"time_slot_number":1,"patient_name":"\u09a8\u09bf\u099c\u09c7\u09b0","phone":null,"email":null,"location":null,"appointment_number":null,"booking_for":"myself","doctor_number":1,"available_days":["friday","saturday"]}  
[2026-03-16 05:40:53] local.DEBUG: buildResponse called with intent: general, language: bn  
[2026-03-16 05:40:53] local.DEBUG: Overriding intent to book_appointment due to existing booking data  
[2026-03-16 05:40:53] local.DEBUG: buildBookingResponse called with data: {"specialization":"ENT","symptoms":[],"date":"2026-03-20","time_preference":null,"time_slot_number":1,"patient_name":"\u09a8\u09bf\u099c\u09c7\u09b0","phone":null,"email":null,"location":null,"appointment_number":null,"booking_for":"myself","doctor_number":1,"available_days":["friday","saturday"]}, context extracted_data: {"specialization":"ENT","symptoms":[],"date":"2026-03-20","time_preference":null,"time_slot_number":1,"patient_name":null,"phone":null,"email":null,"location":null,"appointment_number":null,"booking_for":null,"doctor_number":1,"available_days":["friday","saturday"]}  
[2026-03-16 05:40:53] local.DEBUG: Time slot number selected (1), preserving date and doctor info  
[2026-03-16 05:40:53] local.DEBUG: Fully merged data: {"specialization":"ENT","symptoms":[],"date":"2026-03-20","time_preference":null,"time_slot_number":1,"patient_name":"\u09a8\u09bf\u099c\u09c7\u09b0","phone":null,"email":null,"location":null,"appointment_number":null,"booking_for":"myself","doctor_number":1,"available_days":["friday","saturday"]}  
[2026-03-16 05:40:53] local.DEBUG: Using merged values - doctorNumber: 1, date: 2026-03-20, time: null  
[2026-03-16 05:40:53] local.DEBUG: Case 4: Doctor, date/time, and time slot selected  
[2026-03-16 05:40:53] local.DEBUG: Case 4: Looking up doctor by doctorNumber: 1, specialization: ENT  
[2026-03-16 05:40:53] local.DEBUG: Case 4: Found doctor by doctorNumber: Christopher Brown (ID: 29)  
[2026-03-16 05:40:53] local.DEBUG: Case 4: Stored selected_doctor_id: 29, doctor_name: Christopher Brown  
[2026-03-16 05:40:53] local.DEBUG: Case 4 - patient_name from mergedData: নিজের  
[2026-03-16 05:40:53] local.DEBUG: Case 4 - phone from mergedData: NULL  
[2026-03-16 05:40:53] local.DEBUG: Case 4 - booking_for from mergedData: myself  
[2026-03-16 05:40:53] local.DEBUG: Preserved book_appointment intent due to existing booking data  
[2026-03-16 05:41:09] local.DEBUG: detectIntent called with message: +8801712345678 (lower: +8801712345678), currentIntent: book_appointment  
[2026-03-16 05:41:09] local.DEBUG: Previous intent was booking, checking for specialization or doctor number  
[2026-03-16 05:41:09] local.DEBUG: Doctor + date in context, treating +8801712345678 as time slot selection  
[2026-03-16 05:41:09] local.DEBUG: extractEntitiesFromMessage called with: +8801712345678  
[2026-03-16 05:41:09] local.DEBUG: Checking for date patterns in message: +8801712345678  
[2026-03-16 05:41:09] local.DEBUG: Using dynamic day number map from context: {"1":"friday","2":"saturday","8":"tomorrow","9":"today"}  
[2026-03-16 05:41:09] local.DEBUG: expecting flag from context:   
[2026-03-16 05:41:09] local.DEBUG: No date pattern matched for message: +8801712345678  
[2026-03-16 05:41:09] local.DEBUG: Phone extracted: +8801712345678  
[2026-03-16 05:41:09] local.DEBUG: Extracted entities from message: {"specialization":null,"symptoms":[],"date":null,"time_preference":null,"time_slot_number":null,"patient_name":null,"phone":"+8801712345678","email":null,"location":null,"appointment_number":null,"booking_for":null}  
[2026-03-16 05:41:09] local.DEBUG: Merged extracted_data: context={"specialization":"ENT","symptoms":[],"date":"2026-03-20","time_preference":null,"time_slot_number":1,"patient_name":"\u09a8\u09bf\u099c\u09c7\u09b0","phone":null,"email":null,"location":null,"appointment_number":null,"booking_for":"myself","doctor_number":1,"available_days":["friday","saturday"]}, new={"specialization":"ENT","symptoms":[],"date":"2026-03-20","time_preference":null,"time_slot_number":1,"patient_name":"\u09a8\u09bf\u099c\u09c7\u09b0","phone":"+8801712345678","email":null,"location":null,"appointment_number":null,"booking_for":"myself","doctor_number":1,"available_days":["friday","saturday"]}  
[2026-03-16 05:41:09] local.DEBUG: buildResponse called with intent: book_appointment, language: bn  
[2026-03-16 05:41:09] local.DEBUG: buildBookingResponse called with data: {"specialization":"ENT","symptoms":[],"date":"2026-03-20","time_preference":null,"time_slot_number":1,"patient_name":"\u09a8\u09bf\u099c\u09c7\u09b0","phone":"+8801712345678","email":null,"location":null,"appointment_number":null,"booking_for":"myself","doctor_number":1,"available_days":["friday","saturday"]}, context extracted_data: {"specialization":"ENT","symptoms":[],"date":"2026-03-20","time_preference":null,"time_slot_number":1,"patient_name":"\u09a8\u09bf\u099c\u09c7\u09b0","phone":null,"email":null,"location":null,"appointment_number":null,"booking_for":"myself","doctor_number":1,"available_days":["friday","saturday"]}  
[2026-03-16 05:41:09] local.DEBUG: Time slot number selected (1), preserving date and doctor info  
[2026-03-16 05:41:09] local.DEBUG: Fully merged data: {"specialization":"ENT","symptoms":[],"date":"2026-03-20","time_preference":null,"time_slot_number":1,"patient_name":"\u09a8\u09bf\u099c\u09c7\u09b0","phone":"+8801712345678","email":null,"location":null,"appointment_number":null,"booking_for":"myself","doctor_number":1,"available_days":["friday","saturday"]}  
[2026-03-16 05:41:09] local.DEBUG: Using merged values - doctorNumber: 1, date: 2026-03-20, time: null  
[2026-03-16 05:41:09] local.DEBUG: Case 4: Doctor, date/time, and time slot selected  
[2026-03-16 05:41:09] local.DEBUG: Case 4: Looking up doctor by doctorNumber: 1, specialization: ENT  
[2026-03-16 05:41:09] local.DEBUG: Case 4: Found doctor by doctorNumber: Christopher Brown (ID: 29)  
[2026-03-16 05:41:09] local.DEBUG: Case 4: Stored selected_doctor_id: 29, doctor_name: Christopher Brown  
[2026-03-16 05:41:09] local.DEBUG: Case 4 - patient_name from mergedData: নিজের  
[2026-03-16 05:41:09] local.DEBUG: Case 4 - phone from mergedData: +8801712345678  
[2026-03-16 05:41:09] local.DEBUG: Case 4 - booking_for from mergedData: myself  
[2026-03-16 05:41:09] local.DEBUG: Case 4 - after trim, patient_name: Patient, phone: +8801712345678  
[2026-03-16 05:41:09] local.DEBUG: Case 4: Both name and phone available, confirming appointment  
[2026-03-16 05:41:09] local.DEBUG: No authenticated user, checking for phone: +8801712345678  
[2026-03-16 05:41:09] local.DEBUG: Normalized phone: +8801712345678  
[2026-03-16 05:41:09] local.DEBUG: Found existing user by phone: 16  
[2026-03-16 05:41:09] local.DEBUG: Creating appointment with: patientId=16, patientName=Patient, phone=+8801712345678, email=null  
[2026-03-16 05:41:09] local.INFO: Appointment created: 5  
[2026-03-16 05:41:11] local.INFO: Notifications sent: {"sms":{"success":false,"error":"Authentication Error - invalid username"}}  
[2026-03-16 05:41:11] local.DEBUG: Case 4: Appointment created successfully: 5  
[2026-03-16 05:45:20] local.DEBUG: detectIntent called with message: ok (lower: ok), currentIntent: book_appointment  
[2026-03-16 05:45:20] local.DEBUG: Previous intent was booking, checking for specialization or doctor number  
[2026-03-16 05:45:20] local.DEBUG: matchTrainingData returned: general  
[2026-03-16 05:45:20] local.DEBUG: No intent detected, returning INTENT_GENERAL  
[2026-03-16 05:45:20] local.DEBUG: extractEntitiesFromMessage called with: ok  
[2026-03-16 05:45:20] local.DEBUG: Checking for date patterns in message: ok  
[2026-03-16 05:45:20] local.DEBUG: Using dynamic day number map from context: {"1":"friday","2":"saturday","8":"tomorrow","9":"today"}  
[2026-03-16 05:45:20] local.DEBUG: expecting flag from context:   
[2026-03-16 05:45:20] local.DEBUG: No date pattern matched for message: ok  
[2026-03-16 05:45:20] local.DEBUG: Name extracted (first word): Ok  
[2026-03-16 05:45:20] local.DEBUG: Extracted entities from message: {"specialization":null,"symptoms":[],"date":null,"time_preference":null,"time_slot_number":null,"patient_name":"Ok","phone":null,"email":null,"location":null,"appointment_number":null,"booking_for":null}  
[2026-03-16 05:45:20] local.DEBUG: Merged extracted_data: context={"specialization":"ENT","symptoms":[],"date":"2026-03-20","time_preference":null,"time_slot_number":1,"patient_name":"\u09a8\u09bf\u099c\u09c7\u09b0","phone":"+8801712345678","email":null,"location":null,"appointment_number":null,"booking_for":"myself","doctor_number":1,"available_days":["friday","saturday"]}, new={"specialization":"ENT","symptoms":[],"date":"2026-03-20","time_preference":null,"time_slot_number":1,"patient_name":"Ok","phone":"+8801712345678","email":null,"location":null,"appointment_number":null,"booking_for":"myself","doctor_number":1,"available_days":["friday","saturday"]}  
[2026-03-16 05:45:20] local.DEBUG: buildResponse called with intent: general, language: bn  
[2026-03-16 05:45:20] local.DEBUG: Overriding intent to book_appointment due to existing booking data  
[2026-03-16 05:45:20] local.DEBUG: buildBookingResponse called with data: {"specialization":"ENT","symptoms":[],"date":"2026-03-20","time_preference":null,"time_slot_number":1,"patient_name":"Ok","phone":"+8801712345678","email":null,"location":null,"appointment_number":null,"booking_for":"myself","doctor_number":1,"available_days":["friday","saturday"]}, context extracted_data: {"specialization":"ENT","symptoms":[],"date":"2026-03-20","time_preference":null,"time_slot_number":1,"patient_name":"\u09a8\u09bf\u099c\u09c7\u09b0","phone":"+8801712345678","email":null,"location":null,"appointment_number":null,"booking_for":"myself","doctor_number":1,"available_days":["friday","saturday"]}  
[2026-03-16 05:45:20] local.DEBUG: Time slot number selected (1), preserving date and doctor info  
[2026-03-16 05:45:20] local.DEBUG: Fully merged data: {"specialization":"ENT","symptoms":[],"date":"2026-03-20","time_preference":null,"time_slot_number":1,"patient_name":"Ok","phone":"+8801712345678","email":null,"location":null,"appointment_number":null,"booking_for":"myself","doctor_number":1,"available_days":["friday","saturday"]}  
[2026-03-16 05:45:20] local.DEBUG: Using merged values - doctorNumber: 1, date: 2026-03-20, time: null  
[2026-03-16 05:45:20] local.DEBUG: Case 4: Doctor, date/time, and time slot selected  
[2026-03-16 05:45:20] local.DEBUG: Case 4: Looking up doctor by doctorNumber: 1, specialization: ENT  
[2026-03-16 05:45:20] local.DEBUG: Case 4: Found doctor by doctorNumber: Christopher Brown (ID: 29)  
[2026-03-16 05:45:20] local.DEBUG: Case 4: Stored selected_doctor_id: 29, doctor_name: Christopher Brown  
[2026-03-16 05:45:20] local.DEBUG: Case 4 - patient_name from mergedData: Ok  
[2026-03-16 05:45:20] local.DEBUG: Case 4 - phone from mergedData: +8801712345678  
[2026-03-16 05:45:20] local.DEBUG: Case 4 - booking_for from mergedData: myself  
[2026-03-16 05:45:20] local.DEBUG: Case 4 - after trim, patient_name: Patient, phone: +8801712345678  
[2026-03-16 05:45:20] local.DEBUG: Case 4: Both name and phone available, confirming appointment  
[2026-03-16 05:45:20] local.DEBUG: No authenticated user, checking for phone: +8801712345678  
[2026-03-16 05:45:20] local.DEBUG: Normalized phone: +8801712345678  
[2026-03-16 05:45:20] local.DEBUG: Found existing user by phone: 16  
[2026-03-16 05:45:20] local.DEBUG: Creating appointment with: patientId=16, patientName=John Patient, phone=+8801712345678, email=patient@demo.com  
[2026-03-16 05:45:20] local.INFO: Appointment created: 6  
[2026-03-16 05:45:21] local.INFO: Notifications sent: {"sms":{"success":false,"error":"Authentication Error - invalid username"}}  
[2026-03-16 05:45:21] local.DEBUG: Case 4: Appointment created successfully: 6  
[2026-03-16 05:45:21] local.DEBUG: Preserved book_appointment intent due to existing booking data  
[2026-03-16 05:45:59] local.DEBUG: detectIntent called with message: ent doctor dorkar (lower: ent doctor dorkar), currentIntent: null  
[2026-03-16 05:45:59] local.DEBUG: Detected specialization: ent => ENT  
[2026-03-16 05:45:59] local.DEBUG: Detected specialization in message: ent => ENT  
[2026-03-16 05:45:59] local.DEBUG: extractEntitiesFromMessage called with: ENT Doctor dorkar  
[2026-03-16 05:45:59] local.DEBUG: Checking for date patterns in message: ENT Doctor dorkar  
[2026-03-16 05:45:59] local.DEBUG: expecting flag from context:   
[2026-03-16 05:45:59] local.DEBUG: No date pattern matched for message: ENT Doctor dorkar  
[2026-03-16 05:45:59] local.DEBUG: Name extracted (first word): Dorkar  
[2026-03-16 05:45:59] local.DEBUG: Extracted entities from message: {"specialization":"ENT","symptoms":[],"date":null,"time_preference":null,"time_slot_number":null,"patient_name":"Dorkar","phone":null,"email":null,"location":null,"appointment_number":null,"booking_for":null}  
[2026-03-16 05:45:59] local.DEBUG: buildResponse called with intent: book_appointment, language: bn  
[2026-03-16 05:45:59] local.DEBUG: buildBookingResponse called with data: {"specialization":"ENT","symptoms":[],"date":null,"time_preference":null,"time_slot_number":null,"patient_name":"Dorkar","phone":null,"email":null,"location":null,"appointment_number":null,"booking_for":null}, context extracted_data: []  
[2026-03-16 05:45:59] local.DEBUG: Fully merged data: {"specialization":"ENT","symptoms":[],"patient_name":"Dorkar"}  
[2026-03-16 05:45:59] local.DEBUG: Using merged values - doctorNumber: null, date: null, time: null  
[2026-03-16 05:45:59] local.DEBUG: Case 1: No doctor selected  
[2026-03-16 05:46:10] local.DEBUG: detectIntent called with message: 1 (lower: 1), currentIntent: book_appointment  
[2026-03-16 05:46:10] local.DEBUG: Detected doctor number, assuming booking intent: 1  
[2026-03-16 05:46:10] local.DEBUG: extractEntitiesFromMessage called with: 1  
[2026-03-16 05:46:10] local.DEBUG: Checking for date patterns in message: 1  
[2026-03-16 05:46:10] local.DEBUG: expecting flag from context:   
[2026-03-16 05:46:10] local.DEBUG: Numeric message "1" detected but skipping numeric day mapping: hasDate=no, hasDoctor=no  
[2026-03-16 05:46:10] local.DEBUG: No date pattern matched for message: 1  
[2026-03-16 05:46:10] local.DEBUG: No date/time preference in context, not setting time_slot_number for: 1, hasDoctor=no, hasDate=no  
[2026-03-16 05:46:10] local.DEBUG: Extracted entities from message: {"specialization":null,"symptoms":[],"date":null,"time_preference":null,"time_slot_number":null,"patient_name":null,"phone":null,"email":null,"location":null,"appointment_number":null,"booking_for":null}  
[2026-03-16 05:46:10] local.DEBUG: Merged extracted_data: context={"specialization":"ENT","symptoms":[],"date":null,"time_preference":null,"time_slot_number":null,"patient_name":"Dorkar","phone":null,"email":null,"location":null,"appointment_number":null,"booking_for":null}, new={"specialization":"ENT","symptoms":[],"date":null,"time_preference":null,"time_slot_number":null,"patient_name":"Dorkar","phone":null,"email":null,"location":null,"appointment_number":null,"booking_for":null,"doctor_number":1}  
[2026-03-16 05:46:10] local.DEBUG: buildResponse called with intent: book_appointment, language: bn  
[2026-03-16 05:46:10] local.DEBUG: buildBookingResponse called with data: {"specialization":"ENT","symptoms":[],"date":null,"time_preference":null,"time_slot_number":null,"patient_name":"Dorkar","phone":null,"email":null,"location":null,"appointment_number":null,"booking_for":null,"doctor_number":1}, context extracted_data: {"specialization":"ENT","symptoms":[],"date":null,"time_preference":null,"time_slot_number":null,"patient_name":"Dorkar","phone":null,"email":null,"location":null,"appointment_number":null,"booking_for":null}  
[2026-03-16 05:46:10] local.DEBUG: Fully merged data: {"specialization":"ENT","symptoms":[],"date":null,"time_preference":null,"time_slot_number":null,"patient_name":"Dorkar","phone":null,"email":null,"location":null,"appointment_number":null,"booking_for":null,"doctor_number":1}  
[2026-03-16 05:46:10] local.DEBUG: Using merged values - doctorNumber: 1, date: null, time: null  
[2026-03-16 05:46:10] local.DEBUG: Case 2: Doctor selected, need date. doctorNumber=1, specialization=ENT  
[2026-03-16 05:46:10] local.DEBUG: Case 2: Filtering by specialization: ENT  
[2026-03-16 05:46:10] local.DEBUG: Case 2: Doctor query result: Christopher Brown  
[2026-03-16 05:46:10] local.DEBUG: Case 2: Stored selected_doctor_id: 29, doctor_name: Christopher Brown  
[2026-03-16 05:46:10] local.DEBUG: Stashing available_days in extracted_data: ["friday","saturday"]  
[2026-03-16 05:46:25] local.DEBUG: detectIntent called with message: 1 (lower: 1), currentIntent: book_appointment  
[2026-03-16 05:46:25] local.DEBUG: Detected doctor number, assuming booking intent: 1  
[2026-03-16 05:46:25] local.DEBUG: extractEntitiesFromMessage called with: 1  
[2026-03-16 05:46:25] local.DEBUG: Checking for date patterns in message: 1  
[2026-03-16 05:46:25] local.DEBUG: Using dynamic day number map from context: {"1":"friday","2":"saturday","8":"tomorrow","9":"today"}  
[2026-03-16 05:46:25] local.DEBUG: expecting flag from context:   
[2026-03-16 05:46:25] local.DEBUG: Numeric day selected (doctor in context): 1 => friday, dateInContext=no  
[2026-03-16 05:46:25] local.DEBUG: Extracted entities from message: {"specialization":null,"symptoms":[],"date":"2026-03-20","time_preference":null,"time_slot_number":null,"patient_name":null,"phone":null,"email":null,"location":null,"appointment_number":null,"booking_for":null}  
[2026-03-16 05:46:25] local.DEBUG: Ignored doctor_number 1 because date or time_slot was extracted from same message  
[2026-03-16 05:46:25] local.DEBUG: Merged extracted_data: context={"specialization":"ENT","symptoms":[],"date":null,"time_preference":null,"time_slot_number":null,"patient_name":"Dorkar","phone":null,"email":null,"location":null,"appointment_number":null,"booking_for":null,"doctor_number":1,"available_days":["friday","saturday"]}, new={"specialization":"ENT","symptoms":[],"date":"2026-03-20","time_preference":null,"time_slot_number":null,"patient_name":"Dorkar","phone":null,"email":null,"location":null,"appointment_number":null,"booking_for":null,"doctor_number":1,"available_days":["friday","saturday"]}  
[2026-03-16 05:46:25] local.DEBUG: buildResponse called with intent: book_appointment, language: bn  
[2026-03-16 05:46:25] local.DEBUG: buildBookingResponse called with data: {"specialization":"ENT","symptoms":[],"date":"2026-03-20","time_preference":null,"time_slot_number":null,"patient_name":"Dorkar","phone":null,"email":null,"location":null,"appointment_number":null,"booking_for":null,"doctor_number":1,"available_days":["friday","saturday"]}, context extracted_data: {"specialization":"ENT","symptoms":[],"date":null,"time_preference":null,"time_slot_number":null,"patient_name":"Dorkar","phone":null,"email":null,"location":null,"appointment_number":null,"booking_for":null,"doctor_number":1,"available_days":["friday","saturday"]}  
[2026-03-16 05:46:25] local.DEBUG: Fully merged data: {"specialization":"ENT","symptoms":[],"date":"2026-03-20","time_preference":null,"time_slot_number":null,"patient_name":"Dorkar","phone":null,"email":null,"location":null,"appointment_number":null,"booking_for":null,"doctor_number":1,"available_days":["friday","saturday"]}  
[2026-03-16 05:46:25] local.DEBUG: Using merged values - doctorNumber: 1, date: 2026-03-20, time: null  
[2026-03-16 05:46:25] local.DEBUG: Case 3: Doctor and date selected, need time. Date: 2026-03-20  
[2026-03-16 05:46:25] local.DEBUG: Case 4: Looking up doctor by doctorNumber: 1, specialization: ENT  
[2026-03-16 05:46:25] local.DEBUG: Case 4: Found doctor by doctorNumber: Christopher Brown (ID: 29)  
[2026-03-16 05:46:25] local.DEBUG: Case 3: Stored selected_doctor_id: 29, doctor_name: Christopher Brown  
[2026-03-16 05:46:42] local.DEBUG: detectIntent called with message: 3 (lower: 3), currentIntent: book_appointment  
[2026-03-16 05:46:43] local.DEBUG: Number within slot count (3 <= 4), treating as time slot  
[2026-03-16 05:46:43] local.DEBUG: extractEntitiesFromMessage called with: 3  
[2026-03-16 05:46:43] local.DEBUG: Checking for date patterns in message: 3  
[2026-03-16 05:46:43] local.DEBUG: Using dynamic day number map from context: {"1":"friday","2":"saturday","8":"tomorrow","9":"today"}  
[2026-03-16 05:46:43] local.DEBUG: expecting flag from context:   
[2026-03-16 05:46:43] local.DEBUG: No date pattern matched for message: 3  
[2026-03-16 05:46:43] local.DEBUG: Doctor in context, setting time_slot_number: 3, hasDate=yes, hasDateExtracted=no, hasTimePref=no  
[2026-03-16 05:46:43] local.DEBUG: Extracted entities from message: {"specialization":null,"symptoms":[],"date":null,"time_preference":null,"time_slot_number":3,"patient_name":null,"phone":null,"email":null,"location":null,"appointment_number":null,"booking_for":null}  
[2026-03-16 05:46:43] local.DEBUG: Ignored doctor_number 3 because date or time_slot was extracted from same message  
[2026-03-16 05:46:43] local.DEBUG: Merged extracted_data: context={"specialization":"ENT","symptoms":[],"date":"2026-03-20","time_preference":null,"time_slot_number":null,"patient_name":"Dorkar","phone":null,"email":null,"location":null,"appointment_number":null,"booking_for":null,"doctor_number":1,"available_days":["friday","saturday"]}, new={"specialization":"ENT","symptoms":[],"date":"2026-03-20","time_preference":null,"time_slot_number":3,"patient_name":"Dorkar","phone":null,"email":null,"location":null,"appointment_number":null,"booking_for":null,"doctor_number":1,"available_days":["friday","saturday"]}  
[2026-03-16 05:46:43] local.DEBUG: buildResponse called with intent: book_appointment, language: bn  
[2026-03-16 05:46:43] local.DEBUG: buildBookingResponse called with data: {"specialization":"ENT","symptoms":[],"date":"2026-03-20","time_preference":null,"time_slot_number":3,"patient_name":"Dorkar","phone":null,"email":null,"location":null,"appointment_number":null,"booking_for":null,"doctor_number":1,"available_days":["friday","saturday"]}, context extracted_data: {"specialization":"ENT","symptoms":[],"date":"2026-03-20","time_preference":null,"time_slot_number":null,"patient_name":"Dorkar","phone":null,"email":null,"location":null,"appointment_number":null,"booking_for":null,"doctor_number":1,"available_days":["friday","saturday"]}  
[2026-03-16 05:46:43] local.DEBUG: Time slot number selected (3), preserving date and doctor info  
[2026-03-16 05:46:43] local.DEBUG: Fully merged data: {"specialization":"ENT","symptoms":[],"date":"2026-03-20","time_preference":null,"time_slot_number":3,"patient_name":"Dorkar","phone":null,"email":null,"location":null,"appointment_number":null,"booking_for":null,"doctor_number":1,"available_days":["friday","saturday"]}  
[2026-03-16 05:46:43] local.DEBUG: Using merged values - doctorNumber: 1, date: 2026-03-20, time: null  
[2026-03-16 05:46:43] local.DEBUG: Case 4: Doctor, date/time, and time slot selected  
[2026-03-16 05:46:43] local.DEBUG: Case 4: Looking up doctor by doctorNumber: 1, specialization: ENT  
[2026-03-16 05:46:43] local.DEBUG: Case 4: Found doctor by doctorNumber: Christopher Brown (ID: 29)  
[2026-03-16 05:46:43] local.DEBUG: Case 4: Stored selected_doctor_id: 29, doctor_name: Christopher Brown  
[2026-03-16 05:46:43] local.DEBUG: Case 4 - patient_name from mergedData: Dorkar  
[2026-03-16 05:46:43] local.DEBUG: Case 4 - phone from mergedData: NULL  
[2026-03-16 05:46:43] local.DEBUG: Case 4 - booking_for from mergedData: NULL  
[2026-03-16 05:46:43] local.DEBUG: Case 4 - after trim, patient_name: Dorkar, phone: NULL  
[2026-03-16 05:47:07] local.DEBUG: detectIntent called with message: নিজের (lower: নিজের), currentIntent: book_appointment  
[2026-03-16 05:47:07] local.DEBUG: Previous intent was booking, checking for specialization or doctor number  
[2026-03-16 05:47:07] local.DEBUG: extractEntitiesFromMessage called with: নিজের  
[2026-03-16 05:47:07] local.DEBUG: Checking for date patterns in message: নিজের  
[2026-03-16 05:47:07] local.DEBUG: expecting flag from context:   
[2026-03-16 05:47:07] local.DEBUG: No date pattern matched for message: নিজের  
[2026-03-16 05:47:07] local.DEBUG: Booking for: myself  
[2026-03-16 05:47:07] local.DEBUG: matchTrainingData returned: general  
[2026-03-16 05:47:07] local.DEBUG: No intent detected, returning INTENT_GENERAL  
[2026-03-16 05:47:07] local.DEBUG: extractEntitiesFromMessage called with: নিজের  
[2026-03-16 05:47:07] local.DEBUG: Checking for date patterns in message: নিজের  
[2026-03-16 05:47:07] local.DEBUG: Using dynamic day number map from context: {"1":"friday","2":"saturday","8":"tomorrow","9":"today"}  
[2026-03-16 05:47:07] local.DEBUG: expecting flag from context:   
[2026-03-16 05:47:07] local.DEBUG: No date pattern matched for message: নিজের  
[2026-03-16 05:47:07] local.DEBUG: Booking for: myself  
[2026-03-16 05:47:07] local.DEBUG: Extracted entities from message: {"specialization":null,"symptoms":[],"date":null,"time_preference":null,"time_slot_number":null,"patient_name":"\u09a8\u09bf\u099c\u09c7\u09b0","phone":null,"email":null,"location":null,"appointment_number":null,"booking_for":"myself"}  
[2026-03-16 05:47:07] local.DEBUG: Merged extracted_data: context={"specialization":"ENT","symptoms":[],"date":"2026-03-20","time_preference":null,"time_slot_number":3,"patient_name":"Dorkar","phone":null,"email":null,"location":null,"appointment_number":null,"booking_for":null,"doctor_number":1,"available_days":["friday","saturday"]}, new={"specialization":"ENT","symptoms":[],"date":"2026-03-20","time_preference":null,"time_slot_number":3,"patient_name":"\u09a8\u09bf\u099c\u09c7\u09b0","phone":null,"email":null,"location":null,"appointment_number":null,"booking_for":"myself","doctor_number":1,"available_days":["friday","saturday"]}  
[2026-03-16 05:47:07] local.DEBUG: buildResponse called with intent: general, language: bn  
[2026-03-16 05:47:07] local.DEBUG: Overriding intent to book_appointment due to existing booking data  
[2026-03-16 05:47:07] local.DEBUG: buildBookingResponse called with data: {"specialization":"ENT","symptoms":[],"date":"2026-03-20","time_preference":null,"time_slot_number":3,"patient_name":"\u09a8\u09bf\u099c\u09c7\u09b0","phone":null,"email":null,"location":null,"appointment_number":null,"booking_for":"myself","doctor_number":1,"available_days":["friday","saturday"]}, context extracted_data: {"specialization":"ENT","symptoms":[],"date":"2026-03-20","time_preference":null,"time_slot_number":3,"patient_name":"Dorkar","phone":null,"email":null,"location":null,"appointment_number":null,"booking_for":null,"doctor_number":1,"available_days":["friday","saturday"]}  
[2026-03-16 05:47:07] local.DEBUG: Time slot number selected (3), preserving date and doctor info  
[2026-03-16 05:47:07] local.DEBUG: Fully merged data: {"specialization":"ENT","symptoms":[],"date":"2026-03-20","time_preference":null,"time_slot_number":3,"patient_name":"\u09a8\u09bf\u099c\u09c7\u09b0","phone":null,"email":null,"location":null,"appointment_number":null,"booking_for":"myself","doctor_number":1,"available_days":["friday","saturday"]}  
[2026-03-16 05:47:07] local.DEBUG: Using merged values - doctorNumber: 1, date: 2026-03-20, time: null  
[2026-03-16 05:47:07] local.DEBUG: Case 4: Doctor, date/time, and time slot selected  
[2026-03-16 05:47:07] local.DEBUG: Case 4: Looking up doctor by doctorNumber: 1, specialization: ENT  
[2026-03-16 05:47:07] local.DEBUG: Case 4: Found doctor by doctorNumber: Christopher Brown (ID: 29)  
[2026-03-16 05:47:07] local.DEBUG: Case 4: Stored selected_doctor_id: 29, doctor_name: Christopher Brown  
[2026-03-16 05:47:07] local.DEBUG: Case 4 - patient_name from mergedData: নিজের  
[2026-03-16 05:47:07] local.DEBUG: Case 4 - phone from mergedData: NULL  
[2026-03-16 05:47:07] local.DEBUG: Case 4 - booking_for from mergedData: myself  
[2026-03-16 05:47:07] local.DEBUG: Preserved book_appointment intent due to existing booking data  
[2026-03-16 05:47:13] local.DEBUG: detectIntent called with message: +8801712345678 (lower: +8801712345678), currentIntent: book_appointment  
[2026-03-16 05:47:13] local.DEBUG: Previous intent was booking, checking for specialization or doctor number  
[2026-03-16 05:47:13] local.DEBUG: Doctor + date in context, treating +8801712345678 as time slot selection  
[2026-03-16 05:47:13] local.DEBUG: extractEntitiesFromMessage called with: +8801712345678  
[2026-03-16 05:47:13] local.DEBUG: Checking for date patterns in message: +8801712345678  
[2026-03-16 05:47:13] local.DEBUG: Using dynamic day number map from context: {"1":"friday","2":"saturday","8":"tomorrow","9":"today"}  
[2026-03-16 05:47:13] local.DEBUG: expecting flag from context:   
[2026-03-16 05:47:13] local.DEBUG: No date pattern matched for message: +8801712345678  
[2026-03-16 05:47:13] local.DEBUG: Phone extracted: +8801712345678  
[2026-03-16 05:47:13] local.DEBUG: Extracted entities from message: {"specialization":null,"symptoms":[],"date":null,"time_preference":null,"time_slot_number":null,"patient_name":null,"phone":"+8801712345678","email":null,"location":null,"appointment_number":null,"booking_for":null}  
[2026-03-16 05:47:13] local.DEBUG: Merged extracted_data: context={"specialization":"ENT","symptoms":[],"date":"2026-03-20","time_preference":null,"time_slot_number":3,"patient_name":"\u09a8\u09bf\u099c\u09c7\u09b0","phone":null,"email":null,"location":null,"appointment_number":null,"booking_for":"myself","doctor_number":1,"available_days":["friday","saturday"]}, new={"specialization":"ENT","symptoms":[],"date":"2026-03-20","time_preference":null,"time_slot_number":3,"patient_name":"\u09a8\u09bf\u099c\u09c7\u09b0","phone":"+8801712345678","email":null,"location":null,"appointment_number":null,"booking_for":"myself","doctor_number":1,"available_days":["friday","saturday"]}  
[2026-03-16 05:47:13] local.DEBUG: buildResponse called with intent: book_appointment, language: bn  
[2026-03-16 05:47:13] local.DEBUG: buildBookingResponse called with data: {"specialization":"ENT","symptoms":[],"date":"2026-03-20","time_preference":null,"time_slot_number":3,"patient_name":"\u09a8\u09bf\u099c\u09c7\u09b0","phone":"+8801712345678","email":null,"location":null,"appointment_number":null,"booking_for":"myself","doctor_number":1,"available_days":["friday","saturday"]}, context extracted_data: {"specialization":"ENT","symptoms":[],"date":"2026-03-20","time_preference":null,"time_slot_number":3,"patient_name":"\u09a8\u09bf\u099c\u09c7\u09b0","phone":null,"email":null,"location":null,"appointment_number":null,"booking_for":"myself","doctor_number":1,"available_days":["friday","saturday"]}  
[2026-03-16 05:47:13] local.DEBUG: Time slot number selected (3), preserving date and doctor info  
[2026-03-16 05:47:13] local.DEBUG: Fully merged data: {"specialization":"ENT","symptoms":[],"date":"2026-03-20","time_preference":null,"time_slot_number":3,"patient_name":"\u09a8\u09bf\u099c\u09c7\u09b0","phone":"+8801712345678","email":null,"location":null,"appointment_number":null,"booking_for":"myself","doctor_number":1,"available_days":["friday","saturday"]}  
[2026-03-16 05:47:13] local.DEBUG: Using merged values - doctorNumber: 1, date: 2026-03-20, time: null  
[2026-03-16 05:47:13] local.DEBUG: Case 4: Doctor, date/time, and time slot selected  
[2026-03-16 05:47:13] local.DEBUG: Case 4: Looking up doctor by doctorNumber: 1, specialization: ENT  
[2026-03-16 05:47:13] local.DEBUG: Case 4: Found doctor by doctorNumber: Christopher Brown (ID: 29)  
[2026-03-16 05:47:13] local.DEBUG: Case 4: Stored selected_doctor_id: 29, doctor_name: Christopher Brown  
[2026-03-16 05:47:13] local.DEBUG: Case 4 - patient_name from mergedData: নিজের  
[2026-03-16 05:47:13] local.DEBUG: Case 4 - phone from mergedData: +8801712345678  
[2026-03-16 05:47:13] local.DEBUG: Case 4 - booking_for from mergedData: myself  
[2026-03-16 05:47:13] local.DEBUG: Case 4 - after trim, patient_name: Patient, phone: +8801712345678  
[2026-03-16 05:47:13] local.DEBUG: Case 4: Both name and phone available, confirming appointment  
[2026-03-16 05:47:13] local.DEBUG: No authenticated user, checking for phone: +8801712345678  
[2026-03-16 05:47:13] local.DEBUG: Normalized phone: +8801712345678  
[2026-03-16 05:47:13] local.DEBUG: Found existing user by phone: 16  
[2026-03-16 05:47:13] local.DEBUG: Creating appointment with: patientId=16, patientName=John Patient, phone=+8801712345678, email=patient@demo.com  
[2026-03-16 05:47:13] local.INFO: Appointment created: 7  
[2026-03-16 05:47:15] local.INFO: Notifications sent: {"sms":{"success":false,"error":"Authentication Error - invalid username"}}  
[2026-03-16 05:47:15] local.DEBUG: Case 4: Appointment created successfully: 7  
[2026-03-16 05:57:17] local.DEBUG: detectIntent called with message: ok (lower: ok), currentIntent: book_appointment  
[2026-03-16 05:57:17] local.DEBUG: Previous intent was booking, checking for specialization or doctor number  
[2026-03-16 05:57:17] local.DEBUG: matchTrainingData returned: general  
[2026-03-16 05:57:17] local.DEBUG: No intent detected, returning INTENT_GENERAL  
[2026-03-16 05:57:17] local.DEBUG: extractEntitiesFromMessage called with: ok  
[2026-03-16 05:57:17] local.DEBUG: Checking for date patterns in message: ok  
[2026-03-16 05:57:17] local.DEBUG: Using dynamic day number map from context: {"1":"friday","2":"saturday","8":"tomorrow","9":"today"}  
[2026-03-16 05:57:17] local.DEBUG: expecting flag from context:   
[2026-03-16 05:57:17] local.DEBUG: No date pattern matched for message: ok  
[2026-03-16 05:57:17] local.DEBUG: Name extracted (first word): Ok  
[2026-03-16 05:57:17] local.DEBUG: Extracted entities from message: {"specialization":null,"symptoms":[],"date":null,"time_preference":null,"time_slot_number":null,"patient_name":"Ok","phone":null,"email":null,"location":null,"appointment_number":null,"booking_for":null}  
[2026-03-16 05:57:17] local.DEBUG: Merged extracted_data: context={"specialization":"ENT","symptoms":[],"date":"2026-03-20","time_preference":null,"time_slot_number":3,"patient_name":"\u09a8\u09bf\u099c\u09c7\u09b0","phone":"+8801712345678","email":null,"location":null,"appointment_number":null,"booking_for":"myself","doctor_number":1,"available_days":["friday","saturday"]}, new={"specialization":"ENT","symptoms":[],"date":"2026-03-20","time_preference":null,"time_slot_number":3,"patient_name":"Ok","phone":"+8801712345678","email":null,"location":null,"appointment_number":null,"booking_for":"myself","doctor_number":1,"available_days":["friday","saturday"]}  
[2026-03-16 05:57:17] local.DEBUG: buildResponse called with intent: general, language: bn  
[2026-03-16 05:57:17] local.DEBUG: Overriding intent to book_appointment due to existing booking data  
[2026-03-16 05:57:17] local.DEBUG: buildBookingResponse called with data: {"specialization":"ENT","symptoms":[],"date":"2026-03-20","time_preference":null,"time_slot_number":3,"patient_name":"Ok","phone":"+8801712345678","email":null,"location":null,"appointment_number":null,"booking_for":"myself","doctor_number":1,"available_days":["friday","saturday"]}, context extracted_data: {"specialization":"ENT","symptoms":[],"date":"2026-03-20","time_preference":null,"time_slot_number":3,"patient_name":"\u09a8\u09bf\u099c\u09c7\u09b0","phone":"+8801712345678","email":null,"location":null,"appointment_number":null,"booking_for":"myself","doctor_number":1,"available_days":["friday","saturday"]}  
[2026-03-16 05:57:17] local.DEBUG: Time slot number selected (3), preserving date and doctor info  
[2026-03-16 05:57:17] local.DEBUG: Fully merged data: {"specialization":"ENT","symptoms":[],"date":"2026-03-20","time_preference":null,"time_slot_number":3,"patient_name":"Ok","phone":"+8801712345678","email":null,"location":null,"appointment_number":null,"booking_for":"myself","doctor_number":1,"available_days":["friday","saturday"]}  
[2026-03-16 05:57:17] local.DEBUG: Using merged values - doctorNumber: 1, date: 2026-03-20, time: null  
[2026-03-16 05:57:17] local.DEBUG: Case 4: Doctor, date/time, and time slot selected  
[2026-03-16 05:57:17] local.DEBUG: Case 4: Looking up doctor by doctorNumber: 1, specialization: ENT  
[2026-03-16 05:57:17] local.DEBUG: Case 4: Found doctor by doctorNumber: Christopher Brown (ID: 29)  
[2026-03-16 05:57:17] local.DEBUG: Case 4: Stored selected_doctor_id: 29, doctor_name: Christopher Brown  
[2026-03-16 05:57:17] local.DEBUG: Case 4 - patient_name from mergedData: Ok  
[2026-03-16 05:57:17] local.DEBUG: Case 4 - phone from mergedData: +8801712345678  
[2026-03-16 05:57:17] local.DEBUG: Case 4 - booking_for from mergedData: myself  
[2026-03-16 05:57:17] local.DEBUG: Case 4 - after trim, patient_name: Patient, phone: +8801712345678  
[2026-03-16 05:57:17] local.DEBUG: Case 4: Both name and phone available, confirming appointment  
[2026-03-16 05:57:17] local.DEBUG: No authenticated user, checking for phone: +8801712345678  
[2026-03-16 05:57:17] local.DEBUG: Normalized phone: +8801712345678  
[2026-03-16 05:57:17] local.DEBUG: Found existing user by phone: 16  
[2026-03-16 05:57:17] local.DEBUG: Creating appointment with: patientId=16, patientName=John Patient, phone=+8801712345678, email=patient@demo.com  
[2026-03-16 05:57:17] local.INFO: Appointment created: 8  
[2026-03-16 05:57:19] local.INFO: Notifications sent: {"sms":{"success":false,"error":"Authentication Error - invalid username"}}  
[2026-03-16 05:57:19] local.DEBUG: Case 4: Appointment created successfully: 8  
[2026-03-16 05:57:19] local.DEBUG: Preserved book_appointment intent due to existing booking data  
[2026-03-16 06:09:26] local.DEBUG: detectIntent called with message: hello (lower: hello), currentIntent: null  
[2026-03-16 06:09:26] local.DEBUG: matchTrainingData returned: general  
[2026-03-16 06:09:26] local.DEBUG: Detected INTENT_GREET  
[2026-03-16 06:09:26] local.DEBUG: extractEntitiesFromMessage called with: hello  
[2026-03-16 06:09:26] local.DEBUG: Checking for date patterns in message: hello  
[2026-03-16 06:09:26] local.DEBUG: expecting flag from context:   
[2026-03-16 06:09:26] local.DEBUG: No date pattern matched for message: hello  
[2026-03-16 06:09:26] local.DEBUG: Name extracted (first word): Hello  
[2026-03-16 06:09:26] local.DEBUG: Extracted entities from message: {"specialization":null,"symptoms":[],"date":null,"time_preference":null,"time_slot_number":null,"patient_name":"Hello","phone":null,"email":null,"location":null,"appointment_number":null,"booking_for":null}  
[2026-03-16 06:09:26] local.DEBUG: buildResponse called with intent: greet, language: bn  
[2026-03-16 06:09:37] local.DEBUG: detectIntent called with message: ent specialist lagbe (lower: ent specialist lagbe), currentIntent: greet  
[2026-03-16 06:09:37] local.DEBUG: Detected specialization: ent => ENT  
[2026-03-16 06:09:37] local.DEBUG: Detected specialization in message: ent => ENT  
[2026-03-16 06:09:37] local.DEBUG: extractEntitiesFromMessage called with: ENT Specialist lagbe  
[2026-03-16 06:09:37] local.DEBUG: Checking for date patterns in message: ENT Specialist lagbe  
[2026-03-16 06:09:37] local.DEBUG: expecting flag from context:   
[2026-03-16 06:09:37] local.DEBUG: No date pattern matched for message: ENT Specialist lagbe  
[2026-03-16 06:09:37] local.DEBUG: Name extracted (first word): Lagbe  
[2026-03-16 06:09:37] local.DEBUG: Extracted entities from message: {"specialization":"ENT","symptoms":[],"date":null,"time_preference":null,"time_slot_number":null,"patient_name":"Lagbe","phone":null,"email":null,"location":null,"appointment_number":null,"booking_for":null}  
[2026-03-16 06:09:37] local.DEBUG: Found doctor by first name match: Ali Hassan  
[2026-03-16 06:09:37] local.DEBUG: Doctor name extracted from message: Ali Hassan  
[2026-03-16 06:09:37] local.DEBUG: New doctor specified, clearing previous doctor selection:  -> Ali Hassan  
[2026-03-16 06:09:37] local.DEBUG: Merged extracted_data: context={"specialization":null,"symptoms":[],"date":null,"time_preference":null,"time_slot_number":null,"patient_name":"Hello","phone":null,"email":null,"location":null,"appointment_number":null,"booking_for":null}, new={"specialization":"ENT","symptoms":[],"date":null,"time_preference":null,"time_slot_number":null,"patient_name":"Lagbe","phone":null,"email":null,"location":null,"appointment_number":null,"booking_for":null,"doctor_name":"Ali Hassan"}  
[2026-03-16 06:09:37] local.DEBUG: buildResponse called with intent: book_appointment, language: bn  
[2026-03-16 06:09:37] local.DEBUG: buildBookingResponse called with data: {"specialization":"ENT","symptoms":[],"date":null,"time_preference":null,"time_slot_number":null,"patient_name":"Lagbe","phone":null,"email":null,"location":null,"appointment_number":null,"booking_for":null,"doctor_name":"Ali Hassan"}, context extracted_data: {"specialization":null,"symptoms":[],"date":null,"time_preference":null,"time_slot_number":null,"patient_name":"Hello","phone":null,"email":null,"location":null,"appointment_number":null,"booking_for":null}  
[2026-03-16 06:09:37] local.DEBUG: Fully merged data: {"specialization":"ENT","symptoms":[],"date":null,"time_preference":null,"time_slot_number":null,"patient_name":"Lagbe","phone":null,"email":null,"location":null,"appointment_number":null,"booking_for":null,"doctor_name":"Ali Hassan"}  
[2026-03-16 06:09:37] local.DEBUG: Using merged values - doctorNumber: null, date: null, time: null  
[2026-03-16 06:09:37] local.DEBUG: Case 2: Doctor selected, need date. doctorNumber=, specialization=ENT  
[2026-03-16 06:09:37] local.DEBUG: Case 2: Stored selected_doctor_id: 23, doctor_name: Ali Hassan  
[2026-03-16 06:09:37] local.DEBUG: Stashing available_days in extracted_data: ["friday","saturday"]  
[2026-03-16 06:18:05] local.DEBUG: detectIntent called with message: ok (lower: ok), currentIntent: book_appointment  
[2026-03-16 06:18:05] local.DEBUG: Previous intent was booking, checking for specialization or doctor number  
[2026-03-16 06:18:05] local.DEBUG: matchTrainingData returned: general  
[2026-03-16 06:18:05] local.DEBUG: No intent detected, returning INTENT_GENERAL  
[2026-03-16 06:18:05] local.DEBUG: extractEntitiesFromMessage called with: ok  
[2026-03-16 06:18:05] local.DEBUG: Checking for date patterns in message: ok  
[2026-03-16 06:18:05] local.DEBUG: Using dynamic day number map from context: {"1":"friday","2":"saturday","8":"tomorrow","9":"today"}  
[2026-03-16 06:18:05] local.DEBUG: expecting flag from context:   
[2026-03-16 06:18:05] local.DEBUG: No date pattern matched for message: ok  
[2026-03-16 06:18:05] local.DEBUG: Name extracted (first word): Ok  
[2026-03-16 06:18:05] local.DEBUG: Extracted entities from message: {"specialization":null,"symptoms":[],"date":null,"time_preference":null,"time_slot_number":null,"patient_name":"Ok","phone":null,"email":null,"location":null,"appointment_number":null,"booking_for":null}  
[2026-03-16 06:18:05] local.DEBUG: Merged extracted_data: context={"specialization":"ENT","symptoms":[],"date":null,"time_preference":null,"time_slot_number":null,"patient_name":"Lagbe","phone":null,"email":null,"location":null,"appointment_number":null,"booking_for":null,"doctor_name":"Ali Hassan","available_days":["friday","saturday"]}, new={"specialization":"ENT","symptoms":[],"date":null,"time_preference":null,"time_slot_number":null,"patient_name":"Ok","phone":null,"email":null,"location":null,"appointment_number":null,"booking_for":null,"doctor_name":"Ali Hassan","available_days":["friday","saturday"]}  
[2026-03-16 06:18:05] local.DEBUG: buildResponse called with intent: general, language: bn  
[2026-03-16 06:18:05] local.DEBUG: Overriding intent to book_appointment due to existing booking data  
[2026-03-16 06:18:05] local.DEBUG: buildBookingResponse called with data: {"specialization":"ENT","symptoms":[],"date":null,"time_preference":null,"time_slot_number":null,"patient_name":"Ok","phone":null,"email":null,"location":null,"appointment_number":null,"booking_for":null,"doctor_name":"Ali Hassan","available_days":["friday","saturday"]}, context extracted_data: {"specialization":"ENT","symptoms":[],"date":null,"time_preference":null,"time_slot_number":null,"patient_name":"Lagbe","phone":null,"email":null,"location":null,"appointment_number":null,"booking_for":null,"doctor_name":"Ali Hassan","available_days":["friday","saturday"]}  
[2026-03-16 06:18:05] local.DEBUG: Fully merged data: {"specialization":"ENT","symptoms":[],"date":null,"time_preference":null,"time_slot_number":null,"patient_name":"Ok","phone":null,"email":null,"location":null,"appointment_number":null,"booking_for":null,"doctor_name":"Ali Hassan","available_days":["friday","saturday"]}  
[2026-03-16 06:18:05] local.DEBUG: Using merged values - doctorNumber: null, date: null, time: null  
[2026-03-16 06:18:05] local.DEBUG: Case 2: Doctor selected, need date. doctorNumber=, specialization=ENT  
[2026-03-16 06:18:05] local.DEBUG: Case 2: Stored selected_doctor_id: 23, doctor_name: Ali Hassan  
[2026-03-16 06:18:05] local.DEBUG: Preserved book_appointment intent due to existing booking data  
[2026-03-16 06:18:21] local.DEBUG: detectIntent called with message: 1 (lower: 1), currentIntent: book_appointment  
[2026-03-16 06:18:21] local.DEBUG: Detected doctor number, assuming booking intent: 1  
[2026-03-16 06:18:21] local.DEBUG: extractEntitiesFromMessage called with: 1  
[2026-03-16 06:18:21] local.DEBUG: Checking for date patterns in message: 1  
[2026-03-16 06:18:21] local.DEBUG: Using dynamic day number map from context: {"1":"friday","2":"saturday","8":"tomorrow","9":"today"}  
[2026-03-16 06:18:21] local.DEBUG: expecting flag from context:   
[2026-03-16 06:18:21] local.DEBUG: Numeric day selected (doctor in context): 1 => friday, dateInContext=no  
[2026-03-16 06:18:21] local.DEBUG: Extracted entities from message: {"specialization":null,"symptoms":[],"date":"2026-03-20","time_preference":null,"time_slot_number":null,"patient_name":null,"phone":null,"email":null,"location":null,"appointment_number":null,"booking_for":null}  
[2026-03-16 06:18:21] local.DEBUG: Ignored doctor_number 1 because date or time_slot was extracted from same message  
[2026-03-16 06:18:21] local.DEBUG: Merged extracted_data: context={"specialization":"ENT","symptoms":[],"date":null,"time_preference":null,"time_slot_number":null,"patient_name":"Ok","phone":null,"email":null,"location":null,"appointment_number":null,"booking_for":null,"doctor_name":"Ali Hassan","available_days":["friday","saturday"]}, new={"specialization":"ENT","symptoms":[],"date":"2026-03-20","time_preference":null,"time_slot_number":null,"patient_name":"Ok","phone":null,"email":null,"location":null,"appointment_number":null,"booking_for":null,"doctor_name":"Ali Hassan","available_days":["friday","saturday"]}  
[2026-03-16 06:18:21] local.DEBUG: buildResponse called with intent: book_appointment, language: bn  
[2026-03-16 06:18:21] local.DEBUG: buildBookingResponse called with data: {"specialization":"ENT","symptoms":[],"date":"2026-03-20","time_preference":null,"time_slot_number":null,"patient_name":"Ok","phone":null,"email":null,"location":null,"appointment_number":null,"booking_for":null,"doctor_name":"Ali Hassan","available_days":["friday","saturday"]}, context extracted_data: {"specialization":"ENT","symptoms":[],"date":null,"time_preference":null,"time_slot_number":null,"patient_name":"Ok","phone":null,"email":null,"location":null,"appointment_number":null,"booking_for":null,"doctor_name":"Ali Hassan","available_days":["friday","saturday"]}  
[2026-03-16 06:18:21] local.DEBUG: Fully merged data: {"specialization":"ENT","symptoms":[],"date":"2026-03-20","time_preference":null,"time_slot_number":null,"patient_name":"Ok","phone":null,"email":null,"location":null,"appointment_number":null,"booking_for":null,"doctor_name":"Ali Hassan","available_days":["friday","saturday"]}  
[2026-03-16 06:18:21] local.DEBUG: Using merged values - doctorNumber: null, date: 2026-03-20, time: null  
[2026-03-16 06:18:21] local.DEBUG: Case 3: Doctor and date selected, need time. Date: 2026-03-20  
[2026-03-16 06:18:21] local.DEBUG: Case 3: Stored selected_doctor_id: 23, doctor_name: Ali Hassan  
[2026-03-16 06:18:37] local.DEBUG: detectIntent called with message: 1 (lower: 1), currentIntent: book_appointment  
[2026-03-16 06:18:37] local.DEBUG: Number within slot count (1 <= 4), treating as time slot  
[2026-03-16 06:18:37] local.DEBUG: extractEntitiesFromMessage called with: 1  
[2026-03-16 06:18:37] local.DEBUG: Checking for date patterns in message: 1  
[2026-03-16 06:18:37] local.DEBUG: Using dynamic day number map from context: {"1":"friday","2":"saturday","8":"tomorrow","9":"today"}  
[2026-03-16 06:18:37] local.DEBUG: expecting flag from context:   
[2026-03-16 06:18:37] local.DEBUG: Numeric message "1" detected but skipping numeric day mapping: hasDate=yes, hasDoctor=yes  
[2026-03-16 06:18:37] local.DEBUG: No date pattern matched for message: 1  
[2026-03-16 06:18:37] local.DEBUG: Doctor in context, setting time_slot_number: 1, hasDate=yes, hasDateExtracted=no, hasTimePref=no  
[2026-03-16 06:18:37] local.DEBUG: Extracted entities from message: {"specialization":null,"symptoms":[],"date":null,"time_preference":null,"time_slot_number":1,"patient_name":null,"phone":null,"email":null,"location":null,"appointment_number":null,"booking_for":null}  
[2026-03-16 06:18:37] local.DEBUG: Ignored doctor_number 1 because date or time_slot was extracted from same message  
[2026-03-16 06:18:37] local.DEBUG: Merged extracted_data: context={"specialization":"ENT","symptoms":[],"date":"2026-03-20","time_preference":null,"time_slot_number":null,"patient_name":"Ok","phone":null,"email":null,"location":null,"appointment_number":null,"booking_for":null,"doctor_name":"Ali Hassan","available_days":["friday","saturday"]}, new={"specialization":"ENT","symptoms":[],"date":"2026-03-20","time_preference":null,"time_slot_number":1,"patient_name":"Ok","phone":null,"email":null,"location":null,"appointment_number":null,"booking_for":null,"doctor_name":"Ali Hassan","available_days":["friday","saturday"]}  
[2026-03-16 06:18:37] local.DEBUG: buildResponse called with intent: book_appointment, language: bn  
[2026-03-16 06:18:37] local.DEBUG: buildBookingResponse called with data: {"specialization":"ENT","symptoms":[],"date":"2026-03-20","time_preference":null,"time_slot_number":1,"patient_name":"Ok","phone":null,"email":null,"location":null,"appointment_number":null,"booking_for":null,"doctor_name":"Ali Hassan","available_days":["friday","saturday"]}, context extracted_data: {"specialization":"ENT","symptoms":[],"date":"2026-03-20","time_preference":null,"time_slot_number":null,"patient_name":"Ok","phone":null,"email":null,"location":null,"appointment_number":null,"booking_for":null,"doctor_name":"Ali Hassan","available_days":["friday","saturday"]}  
[2026-03-16 06:18:37] local.DEBUG: Time slot number selected (1), preserving date and doctor info  
[2026-03-16 06:18:37] local.DEBUG: Fully merged data: {"specialization":"ENT","symptoms":[],"date":"2026-03-20","time_preference":null,"time_slot_number":1,"patient_name":"Ok","phone":null,"email":null,"location":null,"appointment_number":null,"booking_for":null,"doctor_name":"Ali Hassan","available_days":["friday","saturday"]}  
[2026-03-16 06:18:37] local.DEBUG: Using merged values - doctorNumber: null, date: 2026-03-20, time: null  
[2026-03-16 06:18:37] local.DEBUG: Case 4: Doctor, date/time, and time slot selected  
[2026-03-16 06:18:37] local.DEBUG: Case 4: Stored selected_doctor_id: 23, doctor_name: Ali Hassan  
[2026-03-16 06:18:37] local.DEBUG: Case 4 - patient_name from mergedData: Ok  
[2026-03-16 06:18:37] local.DEBUG: Case 4 - phone from mergedData: NULL  
[2026-03-16 06:18:37] local.DEBUG: Case 4 - booking_for from mergedData: NULL  
[2026-03-16 06:18:37] local.DEBUG: Case 4 - after trim, patient_name: Ok, phone: NULL  
[2026-03-16 06:18:54] local.DEBUG: detectIntent called with message: নিজের (lower: নিজের), currentIntent: book_appointment  
[2026-03-16 06:18:54] local.DEBUG: Previous intent was booking, checking for specialization or doctor number  
[2026-03-16 06:18:54] local.DEBUG: extractEntitiesFromMessage called with: নিজের  
[2026-03-16 06:18:54] local.DEBUG: Checking for date patterns in message: নিজের  
[2026-03-16 06:18:54] local.DEBUG: expecting flag from context:   
[2026-03-16 06:18:54] local.DEBUG: No date pattern matched for message: নিজের  
[2026-03-16 06:18:54] local.DEBUG: Booking for: myself  
[2026-03-16 06:18:54] local.DEBUG: matchTrainingData returned: general  
[2026-03-16 06:18:54] local.DEBUG: No intent detected, returning INTENT_GENERAL  
[2026-03-16 06:18:54] local.DEBUG: extractEntitiesFromMessage called with: নিজের  
[2026-03-16 06:18:54] local.DEBUG: Checking for date patterns in message: নিজের  
[2026-03-16 06:18:54] local.DEBUG: Using dynamic day number map from context: {"1":"friday","2":"saturday","8":"tomorrow","9":"today"}  
[2026-03-16 06:18:54] local.DEBUG: expecting flag from context:   
[2026-03-16 06:18:54] local.DEBUG: No date pattern matched for message: নিজের  
[2026-03-16 06:18:54] local.DEBUG: Booking for: myself  
[2026-03-16 06:18:54] local.DEBUG: Extracted entities from message: {"specialization":null,"symptoms":[],"date":null,"time_preference":null,"time_slot_number":null,"patient_name":"\u09a8\u09bf\u099c\u09c7\u09b0","phone":null,"email":null,"location":null,"appointment_number":null,"booking_for":"myself"}  
[2026-03-16 06:18:54] local.DEBUG: Merged extracted_data: context={"specialization":"ENT","symptoms":[],"date":"2026-03-20","time_preference":null,"time_slot_number":1,"patient_name":"Ok","phone":null,"email":null,"location":null,"appointment_number":null,"booking_for":null,"doctor_name":"Ali Hassan","available_days":["friday","saturday"]}, new={"specialization":"ENT","symptoms":[],"date":"2026-03-20","time_preference":null,"time_slot_number":1,"patient_name":"\u09a8\u09bf\u099c\u09c7\u09b0","phone":null,"email":null,"location":null,"appointment_number":null,"booking_for":"myself","doctor_name":"Ali Hassan","available_days":["friday","saturday"]}  
[2026-03-16 06:18:54] local.DEBUG: buildResponse called with intent: general, language: bn  
[2026-03-16 06:18:54] local.DEBUG: Overriding intent to book_appointment due to existing booking data  
[2026-03-16 06:18:54] local.DEBUG: buildBookingResponse called with data: {"specialization":"ENT","symptoms":[],"date":"2026-03-20","time_preference":null,"time_slot_number":1,"patient_name":"\u09a8\u09bf\u099c\u09c7\u09b0","phone":null,"email":null,"location":null,"appointment_number":null,"booking_for":"myself","doctor_name":"Ali Hassan","available_days":["friday","saturday"]}, context extracted_data: {"specialization":"ENT","symptoms":[],"date":"2026-03-20","time_preference":null,"time_slot_number":1,"patient_name":"Ok","phone":null,"email":null,"location":null,"appointment_number":null,"booking_for":null,"doctor_name":"Ali Hassan","available_days":["friday","saturday"]}  
[2026-03-16 06:18:54] local.DEBUG: Time slot number selected (1), preserving date and doctor info  
[2026-03-16 06:18:54] local.DEBUG: Fully merged data: {"specialization":"ENT","symptoms":[],"date":"2026-03-20","time_preference":null,"time_slot_number":1,"patient_name":"\u09a8\u09bf\u099c\u09c7\u09b0","phone":null,"email":null,"location":null,"appointment_number":null,"booking_for":"myself","doctor_name":"Ali Hassan","available_days":["friday","saturday"]}  
[2026-03-16 06:18:54] local.DEBUG: Using merged values - doctorNumber: null, date: 2026-03-20, time: null  
[2026-03-16 06:18:54] local.DEBUG: Case 4: Doctor, date/time, and time slot selected  
[2026-03-16 06:18:54] local.DEBUG: Case 4: Stored selected_doctor_id: 23, doctor_name: Ali Hassan  
[2026-03-16 06:18:54] local.DEBUG: Case 4 - patient_name from mergedData: নিজের  
[2026-03-16 06:18:54] local.DEBUG: Case 4 - phone from mergedData: NULL  
[2026-03-16 06:18:54] local.DEBUG: Case 4 - booking_for from mergedData: myself  
[2026-03-16 06:18:54] local.DEBUG: Preserved book_appointment intent due to existing booking data  
[2026-03-16 06:19:02] local.DEBUG: detectIntent called with message: +8801712345678 (lower: +8801712345678), currentIntent: book_appointment  
[2026-03-16 06:19:02] local.DEBUG: Previous intent was booking, checking for specialization or doctor number  
[2026-03-16 06:19:02] local.DEBUG: Doctor + date in context, treating +8801712345678 as time slot selection  
[2026-03-16 06:19:02] local.DEBUG: extractEntitiesFromMessage called with: +8801712345678  
[2026-03-16 06:19:02] local.DEBUG: Checking for date patterns in message: +8801712345678  
[2026-03-16 06:19:02] local.DEBUG: Using dynamic day number map from context: {"1":"friday","2":"saturday","8":"tomorrow","9":"today"}  
[2026-03-16 06:19:02] local.DEBUG: expecting flag from context:   
[2026-03-16 06:19:02] local.DEBUG: No date pattern matched for message: +8801712345678  
[2026-03-16 06:19:02] local.DEBUG: Phone extracted: +8801712345678  
[2026-03-16 06:19:02] local.DEBUG: Extracted entities from message: {"specialization":null,"symptoms":[],"date":null,"time_preference":null,"time_slot_number":null,"patient_name":null,"phone":"+8801712345678","email":null,"location":null,"appointment_number":null,"booking_for":null}  
[2026-03-16 06:19:02] local.DEBUG: Merged extracted_data: context={"specialization":"ENT","symptoms":[],"date":"2026-03-20","time_preference":null,"time_slot_number":1,"patient_name":"\u09a8\u09bf\u099c\u09c7\u09b0","phone":null,"email":null,"location":null,"appointment_number":null,"booking_for":"myself","doctor_name":"Ali Hassan","available_days":["friday","saturday"]}, new={"specialization":"ENT","symptoms":[],"date":"2026-03-20","time_preference":null,"time_slot_number":1,"patient_name":"\u09a8\u09bf\u099c\u09c7\u09b0","phone":"+8801712345678","email":null,"location":null,"appointment_number":null,"booking_for":"myself","doctor_name":"Ali Hassan","available_days":["friday","saturday"]}  
[2026-03-16 06:19:02] local.DEBUG: buildResponse called with intent: book_appointment, language: bn  
[2026-03-16 06:19:02] local.DEBUG: buildBookingResponse called with data: {"specialization":"ENT","symptoms":[],"date":"2026-03-20","time_preference":null,"time_slot_number":1,"patient_name":"\u09a8\u09bf\u099c\u09c7\u09b0","phone":"+8801712345678","email":null,"location":null,"appointment_number":null,"booking_for":"myself","doctor_name":"Ali Hassan","available_days":["friday","saturday"]}, context extracted_data: {"specialization":"ENT","symptoms":[],"date":"2026-03-20","time_preference":null,"time_slot_number":1,"patient_name":"\u09a8\u09bf\u099c\u09c7\u09b0","phone":null,"email":null,"location":null,"appointment_number":null,"booking_for":"myself","doctor_name":"Ali Hassan","available_days":["friday","saturday"]}  
[2026-03-16 06:19:02] local.DEBUG: Time slot number selected (1), preserving date and doctor info  
[2026-03-16 06:19:02] local.DEBUG: Fully merged data: {"specialization":"ENT","symptoms":[],"date":"2026-03-20","time_preference":null,"time_slot_number":1,"patient_name":"\u09a8\u09bf\u099c\u09c7\u09b0","phone":"+8801712345678","email":null,"location":null,"appointment_number":null,"booking_for":"myself","doctor_name":"Ali Hassan","available_days":["friday","saturday"]}  
[2026-03-16 06:19:02] local.DEBUG: Using merged values - doctorNumber: null, date: 2026-03-20, time: null  
[2026-03-16 06:19:02] local.DEBUG: Case 4: Doctor, date/time, and time slot selected  
[2026-03-16 06:19:02] local.DEBUG: Case 4: Stored selected_doctor_id: 23, doctor_name: Ali Hassan  
[2026-03-16 06:19:02] local.DEBUG: Case 4 - patient_name from mergedData: নিজের  
[2026-03-16 06:19:02] local.DEBUG: Case 4 - phone from mergedData: +8801712345678  
[2026-03-16 06:19:02] local.DEBUG: Case 4 - booking_for from mergedData: myself  
[2026-03-16 06:19:02] local.DEBUG: Case 4 - after trim, patient_name: Patient, phone: +8801712345678  
[2026-03-16 06:19:02] local.DEBUG: Case 4: Both name and phone available, confirming appointment  
[2026-03-16 06:19:02] local.DEBUG: No authenticated user, checking for phone: +8801712345678  
[2026-03-16 06:19:02] local.DEBUG: Normalized phone: +8801712345678  
[2026-03-16 06:19:02] local.DEBUG: Found existing user by phone: 16  
[2026-03-16 06:19:02] local.DEBUG: Creating appointment with: patientId=16, patientName=John Patient, phone=+8801712345678, email=patient@demo.com  
[2026-03-16 06:19:02] local.INFO: Appointment created: 9  
[2026-03-16 06:19:03] local.INFO: Notifications sent: {"sms":{"success":false,"error":"Authentication Error - invalid username"}}  
[2026-03-16 06:19:03] local.DEBUG: Case 4: Appointment created successfully: 9  
[2026-03-16 06:21:56] local.DEBUG: detectIntent called with message: eye doctor lagb (lower: eye doctor lagb), currentIntent: null  
[2026-03-16 06:21:56] local.DEBUG: Detected specialization: eye => Ophthalmologist  
[2026-03-16 06:21:56] local.DEBUG: Detected specialization in message: eye => Ophthalmologist  
[2026-03-16 06:21:56] local.DEBUG: extractEntitiesFromMessage called with: eye doctor lagb  
[2026-03-16 06:21:56] local.DEBUG: Checking for date patterns in message: eye doctor lagb  
[2026-03-16 06:21:56] local.DEBUG: expecting flag from context:   
[2026-03-16 06:21:56] local.DEBUG: No date pattern matched for message: eye doctor lagb  
[2026-03-16 06:21:56] local.DEBUG: Name extracted (first word): Lagb  
[2026-03-16 06:21:56] local.DEBUG: Extracted entities from message: {"specialization":"Ophthalmologist","symptoms":[],"date":null,"time_preference":null,"time_slot_number":null,"patient_name":"Lagb","phone":null,"email":null,"location":null,"appointment_number":null,"booking_for":null}  
[2026-03-16 06:21:56] local.DEBUG: buildResponse called with intent: book_appointment, language: bn  
[2026-03-16 06:21:56] local.DEBUG: buildBookingResponse called with data: {"specialization":"Ophthalmologist","symptoms":[],"date":null,"time_preference":null,"time_slot_number":null,"patient_name":"Lagb","phone":null,"email":null,"location":null,"appointment_number":null,"booking_for":null}, context extracted_data: []  
[2026-03-16 06:21:56] local.DEBUG: Fully merged data: {"specialization":"Ophthalmologist","symptoms":[],"patient_name":"Lagb"}  
[2026-03-16 06:21:56] local.DEBUG: Using merged values - doctorNumber: null, date: null, time: null  
[2026-03-16 06:21:56] local.DEBUG: Case 1: No doctor selected  
